Archive member included because of file (symbol)

c:/gnu_tools_arm_embedded/4.9_2015q3/bin/../lib/gcc/arm-none-eabi/4.9.3/../../../../arm-none-eabi/lib/armv7-m\libg_nano.a(lib_a-errno.o)
                              ./system/src/newlib/_sbrk.o (__errno)
c:/gnu_tools_arm_embedded/4.9_2015q3/bin/../lib/gcc/arm-none-eabi/4.9.3/../../../../arm-none-eabi/lib/armv7-m\libg_nano.a(lib_a-impure.o)
                              c:/gnu_tools_arm_embedded/4.9_2015q3/bin/../lib/gcc/arm-none-eabi/4.9.3/../../../../arm-none-eabi/lib/armv7-m\libg_nano.a(lib_a-errno.o) (_impure_ptr)
c:/gnu_tools_arm_embedded/4.9_2015q3/bin/../lib/gcc/arm-none-eabi/4.9.3/../../../../arm-none-eabi/lib/armv7-m\libg_nano.a(lib_a-printf.o)
                              ./src/main.o (printf)
c:/gnu_tools_arm_embedded/4.9_2015q3/bin/../lib/gcc/arm-none-eabi/4.9.3/../../../../arm-none-eabi/lib/armv7-m\libg_nano.a(lib_a-strlen.o)
                              ./system/src/diag/Trace.o (strlen)
c:/gnu_tools_arm_embedded/4.9_2015q3/bin/../lib/gcc/arm-none-eabi/4.9.3/../../../../arm-none-eabi/lib/armv7-m\libg_nano.a(lib_a-vsnprintf.o)
                              ./system/src/diag/Trace.o (vsnprintf)
c:/gnu_tools_arm_embedded/4.9_2015q3/bin/../lib/gcc/arm-none-eabi/4.9.3/../../../../arm-none-eabi/lib/armv7-m\libg_nano.a(lib_a-findfp.o)
                              c:/gnu_tools_arm_embedded/4.9_2015q3/bin/../lib/gcc/arm-none-eabi/4.9.3/../../../../arm-none-eabi/lib/armv7-m\libg_nano.a(lib_a-printf.o) (__sinit)
c:/gnu_tools_arm_embedded/4.9_2015q3/bin/../lib/gcc/arm-none-eabi/4.9.3/../../../../arm-none-eabi/lib/armv7-m\libg_nano.a(lib_a-fwalk.o)
                              c:/gnu_tools_arm_embedded/4.9_2015q3/bin/../lib/gcc/arm-none-eabi/4.9.3/../../../../arm-none-eabi/lib/armv7-m\libg_nano.a(lib_a-findfp.o) (_fwalk)
c:/gnu_tools_arm_embedded/4.9_2015q3/bin/../lib/gcc/arm-none-eabi/4.9.3/../../../../arm-none-eabi/lib/armv7-m\libg_nano.a(lib_a-memset.o)
                              c:/gnu_tools_arm_embedded/4.9_2015q3/bin/../lib/gcc/arm-none-eabi/4.9.3/../../../../arm-none-eabi/lib/armv7-m\libg_nano.a(lib_a-findfp.o) (memset)
c:/gnu_tools_arm_embedded/4.9_2015q3/bin/../lib/gcc/arm-none-eabi/4.9.3/../../../../arm-none-eabi/lib/armv7-m\libg_nano.a(lib_a-nano-mallocr.o)
                              c:/gnu_tools_arm_embedded/4.9_2015q3/bin/../lib/gcc/arm-none-eabi/4.9.3/../../../../arm-none-eabi/lib/armv7-m\libg_nano.a(lib_a-findfp.o) (_malloc_r)
c:/gnu_tools_arm_embedded/4.9_2015q3/bin/../lib/gcc/arm-none-eabi/4.9.3/../../../../arm-none-eabi/lib/armv7-m\libg_nano.a(lib_a-nano-svfprintf.o)
                              c:/gnu_tools_arm_embedded/4.9_2015q3/bin/../lib/gcc/arm-none-eabi/4.9.3/../../../../arm-none-eabi/lib/armv7-m\libg_nano.a(lib_a-vsnprintf.o) (_svfprintf_r)
c:/gnu_tools_arm_embedded/4.9_2015q3/bin/../lib/gcc/arm-none-eabi/4.9.3/../../../../arm-none-eabi/lib/armv7-m\libg_nano.a(lib_a-nano-vfprintf.o)
                              c:/gnu_tools_arm_embedded/4.9_2015q3/bin/../lib/gcc/arm-none-eabi/4.9.3/../../../../arm-none-eabi/lib/armv7-m\libg_nano.a(lib_a-printf.o) (_vfprintf_r)
c:/gnu_tools_arm_embedded/4.9_2015q3/bin/../lib/gcc/arm-none-eabi/4.9.3/../../../../arm-none-eabi/lib/armv7-m\libg_nano.a(lib_a-nano-vfprintf_i.o)
                              c:/gnu_tools_arm_embedded/4.9_2015q3/bin/../lib/gcc/arm-none-eabi/4.9.3/../../../../arm-none-eabi/lib/armv7-m\libg_nano.a(lib_a-nano-svfprintf.o) (_printf_i)
c:/gnu_tools_arm_embedded/4.9_2015q3/bin/../lib/gcc/arm-none-eabi/4.9.3/../../../../arm-none-eabi/lib/armv7-m\libg_nano.a(lib_a-sbrkr.o)
                              c:/gnu_tools_arm_embedded/4.9_2015q3/bin/../lib/gcc/arm-none-eabi/4.9.3/../../../../arm-none-eabi/lib/armv7-m\libg_nano.a(lib_a-nano-mallocr.o) (_sbrk_r)
c:/gnu_tools_arm_embedded/4.9_2015q3/bin/../lib/gcc/arm-none-eabi/4.9.3/../../../../arm-none-eabi/lib/armv7-m\libg_nano.a(lib_a-stdio.o)
                              c:/gnu_tools_arm_embedded/4.9_2015q3/bin/../lib/gcc/arm-none-eabi/4.9.3/../../../../arm-none-eabi/lib/armv7-m\libg_nano.a(lib_a-findfp.o) (__sread)
c:/gnu_tools_arm_embedded/4.9_2015q3/bin/../lib/gcc/arm-none-eabi/4.9.3/../../../../arm-none-eabi/lib/armv7-m\libg_nano.a(lib_a-wbuf.o)
                              c:/gnu_tools_arm_embedded/4.9_2015q3/bin/../lib/gcc/arm-none-eabi/4.9.3/../../../../arm-none-eabi/lib/armv7-m\libg_nano.a(lib_a-nano-vfprintf.o) (__swbuf_r)
c:/gnu_tools_arm_embedded/4.9_2015q3/bin/../lib/gcc/arm-none-eabi/4.9.3/../../../../arm-none-eabi/lib/armv7-m\libg_nano.a(lib_a-writer.o)
                              c:/gnu_tools_arm_embedded/4.9_2015q3/bin/../lib/gcc/arm-none-eabi/4.9.3/../../../../arm-none-eabi/lib/armv7-m\libg_nano.a(lib_a-stdio.o) (_write_r)
c:/gnu_tools_arm_embedded/4.9_2015q3/bin/../lib/gcc/arm-none-eabi/4.9.3/../../../../arm-none-eabi/lib/armv7-m\libg_nano.a(lib_a-wsetup.o)
[...]
Memory Configuration

Name             Origin             Length             Attributes
RAM              0x20000000         0x00020000         xrw
CCMRAM           0x00000000         0x00000000         xrw
FLASH            0x08000000         0x00100000         xr
FLASHB1          0x00000000         0x00000000         xr
EXTMEMB0         0x00000000         0x00000000         xr
EXTMEMB1         0x00000000         0x00000000         xr
EXTMEMB2         0x00000000         0x00000000         xr
EXTMEMB3         0x00000000         0x00000000         xr
MEMORY_ARRAY     0x00000000         0x00000000         xrw
*default*        0x00000000         0xffffffff

Linker script and memory map

LOAD ./system/src/stm32f2-stdperiph/misc.o
LOAD ./system/src/stm32f2-stdperiph/stm32f2xx_gpio.o
LOAD ./system/src/stm32f2-stdperiph/stm32f2xx_rcc.o
LOAD ./system/src/newlib/_cxx.o
LOAD ./system/src/newlib/_exit.o
LOAD ./system/src/newlib/_sbrk.o
LOAD ./system/src/newlib/_startup.o
LOAD ./system/src/newlib/_syscalls.o
LOAD ./system/src/newlib/assert.o
LOAD ./system/src/diag/Trace.o
LOAD ./system/src/diag/trace_impl.o
LOAD ./system/src/cortexm/_initialize_hardware.o
LOAD ./system/src/cortexm/_reset_hardware.o
LOAD ./system/src/cortexm/exception_handlers.o
LOAD ./system/src/cmsis/system_stm32f2xx.o
LOAD ./system/src/cmsis/vectors_stm32f2xx.o
LOAD ./src/_write.o
LOAD ./src/main.o
LOAD c:/gnu_tools_arm_embedded/4.9_2015q3/bin/../lib/gcc/arm-none-eabi/4.9.3/../../../../arm-none-eabi/lib/armv7-m\libstdc++_nano.a
LOAD c:/gnu_tools_arm_embedded/4.9_2015q3/bin/../lib/gcc/arm-none-eabi/4.9.3/../../../../arm-none-eabi/lib/armv7-m\libm.a
START GROUP
LOAD c:/gnu_tools_arm_embedded/4.9_2015q3/bin/../lib/gcc/arm-none-eabi/4.9.3/armv7-m\libgcc.a
LOAD c:/gnu_tools_arm_embedded/4.9_2015q3/bin/../lib/gcc/arm-none-eabi/4.9.3/../../../../arm-none-eabi/lib/armv7-m\libg_nano.a
LOAD c:/gnu_tools_arm_embedded/4.9_2015q3/bin/../lib/gcc/arm-none-eabi/4.9.3/../../../../arm-none-eabi/lib/armv7-m\libc_nano.a
END GROUP
START GROUP
LOAD c:/gnu_tools_arm_embedded/4.9_2015q3/bin/../lib/gcc/arm-none-eabi/4.9.3/armv7-m\libgcc.a
LOAD c:/gnu_tools_arm_embedded/4.9_2015q3/bin/../lib/gcc/arm-none-eabi/4.9.3/../../../../arm-none-eabi/lib/armv7-m\libc_nano.a
END GROUP
                0x20020000                __stack = (ORIGIN (RAM) + 0x20000)
                0x20020000                _estack = __stack
                0x00000400                __Main_Stack_Size = 0x400
                0x00000400                PROVIDE (_Main_Stack_Size, __Main_Stack_Size)
                0x2001fc00                __Main_Stack_Limit = (__stack - __Main_Stack_Size)
                0x2001fc00                PROVIDE (_Main_Stack_Limit, __Main_Stack_Limit)
                0x00000100                _Minimum_Stack_Size = 0x100
                0x20000124                PROVIDE (_Heap_Begin, _end_noinit)
                0x2001fc00                PROVIDE (_Heap_Limit, (__stack - __Main_Stack_Size))

.isr_vector     0x08000000      0x3cc
 FILL mask 0xff
                0x08000000                __vectors_start = ABSOLUTE (.)
                0x08000000                __vectors_start__ = ABSOLUTE (.)
 *(.isr_vector)
 .isr_vector    0x08000000      0x184 ./system/src/cmsis/vectors_stm32f2xx.o
                0x08000000                __isr_vectors
 *(.cfmconfig)
 *(.after_vectors .after_vectors.*)
 .after_vectors
                0x08000184      0x114 ./system/src/newlib/_startup.o
                0x08000184                _start
 .after_vectors
                0x08000298      0x130 ./system/src/cortexm/exception_handlers.o
                0x08000298                Reset_Handler
                0x080002a0                NMI_Handler
                0x080002a4                HardFault_Handler
                0x080002b8                HardFault_Handler_C
                0x08000318                MemManage_Handler
                0x0800031c                BusFault_Handler
                0x08000330                BusFault_Handler_C
                0x08000364                UsageFault_Handler
                0x08000378                UsageFault_Handler_C
                0x080003ac                SVC_Handler
                0x080003b0                DebugMon_Handler
                0x080003b4                PendSV_Handler
                0x080003b8                SysTick_Handler
 .after_vectors
                0x080003c8        0x4 ./system/src/cmsis/vectors_stm32f2xx.o
                0x080003c8                RTC_Alarm_IRQHandler
                0x080003c8                HASH_RNG_IRQHandler
                0x080003c8                EXTI2_IRQHandler
                0x080003c8                TIM8_CC_IRQHandler
                0x080003c8                TIM1_CC_IRQHandler
                0x080003c8                DMA2_Stream5_IRQHandler
                0x080003c8                DMA1_Stream5_IRQHandler
                0x080003c8                PVD_IRQHandler
                0x080003c8                SDIO_IRQHandler
                0x080003c8                TAMP_STAMP_IRQHandler
                0x080003c8                CAN2_RX1_IRQHandler
                0x080003c8                EXTI3_IRQHandler
                0x080003c8                TIM8_TRG_COM_TIM14_IRQHandler
                0x080003c8                TIM1_UP_TIM10_IRQHandler
                0x080003c8                TIM8_UP_TIM13_IRQHandler
                0x080003c8                I2C3_ER_IRQHandler
                0x080003c8                EXTI0_IRQHandler
                0x080003c8                I2C2_EV_IRQHandler
                0x080003c8                DMA1_Stream2_IRQHandler
                0x080003c8                CAN1_RX0_IRQHandler
                0x080003c8                OTG_HS_WKUP_IRQHandler
                0x080003c8                CAN2_SCE_IRQHandler
                0x080003c8                DMA2_Stream2_IRQHandler
                0x080003c8                SPI1_IRQHandler
                0x080003c8                TIM6_DAC_IRQHandler
                0x080003c8                TIM1_BRK_TIM9_IRQHandler
                0x080003c8                DCMI_IRQHandler
                0x080003c8                CAN2_RX0_IRQHandler
                0x080003c8                DMA2_Stream3_IRQHandler
                0x080003c8                USART6_IRQHandler
                0x080003c8                USART3_IRQHandler
                0x080003c8                CRYP_IRQHandler
                0x080003c8                CAN1_RX1_IRQHandler
                0x080003c8                UART5_IRQHandler
                0x080003c8                DMA2_Stream0_IRQHandler
                0x080003c8                TIM4_IRQHandler
                0x080003c8                I2C1_EV_IRQHandler
                0x080003c8                DMA1_Stream6_IRQHandler
                0x080003c8                DMA1_Stream1_IRQHandler
                0x080003c8                UART4_IRQHandler
                0x080003c8                TIM3_IRQHandler
                0x080003c8                RCC_IRQHandler
                0x080003c8                TIM8_BRK_TIM12_IRQHandler
                0x080003c8                TIM1_TRG_COM_IRQHandler
                0x080003c8                Default_Handler
                0x080003c8                EXTI15_10_IRQHandler
                0x080003c8                ADC_IRQHandler
                0x080003c8                DMA1_Stream7_IRQHandler
                0x080003c8                TIM7_IRQHandler
                0x080003c8                CAN2_TX_IRQHandler
                0x080003c8                TIM5_IRQHandler
                0x080003c8                DMA2_Stream7_IRQHandler
                0x080003c8                I2C3_EV_IRQHandler
                0x080003c8                EXTI9_5_IRQHandler
                0x080003c8                RTC_WKUP_IRQHandler
                0x080003c8                ETH_WKUP_IRQHandler
                0x080003c8                SPI2_IRQHandler
                0x080003c8                OTG_HS_EP1_IN_IRQHandler
                0x080003c8                DMA1_Stream0_IRQHandler
                0x080003c8                CAN1_TX_IRQHandler
                0x080003c8                EXTI4_IRQHandler
                0x080003c8                FSMC_IRQHandler
                0x080003c8                ETH_IRQHandler
                0x080003c8                OTG_HS_EP1_OUT_IRQHandler
                0x080003c8                WWDG_IRQHandler
                0x080003c8                TIM2_IRQHandler
                0x080003c8                OTG_FS_WKUP_IRQHandler
                0x080003c8                TIM1_TRG_COM_TIM11_IRQHandler
                0x080003c8                OTG_HS_IRQHandler
                0x080003c8                EXTI1_IRQHandler
                0x080003c8                USART2_IRQHandler
                0x080003c8                I2C2_ER_IRQHandler
                0x080003c8                DMA2_Stream1_IRQHandler
                0x080003c8                CAN1_SCE_IRQHandler
                0x080003c8                FLASH_IRQHandler
                0x080003c8                DMA2_Stream4_IRQHandler
                0x080003c8                USART1_IRQHandler
                0x080003c8                OTG_FS_IRQHandler
                0x080003c8                SPI3_IRQHandler
                0x080003c8                DMA1_Stream4_IRQHandler
                0x080003c8                I2C1_ER_IRQHandler
                0x080003c8                DMA2_Stream6_IRQHandler
                0x080003c8                DMA1_Stream3_IRQHandler

.inits          0x080003cc       0x28
                0x080003cc                __data_regions_array_start = .
                0x080003cc        0x4 LONG 0x8001b08 LOADADDR (.data)
                0x080003d0        0x4 LONG 0x20000000 ADDR (.data)
                0x080003d4        0x4 LONG 0x20000088 (ADDR (.data) + SIZEOF (.data))
                0x080003d8        0x4 LONG 0x8001b08 LOADADDR (.data_CCMRAM)
                0x080003dc        0x4 LONG 0x0 ADDR (.data_CCMRAM)
                0x080003e0        0x4 LONG 0x0 (ADDR (.data_CCMRAM) + SIZEOF (.data_CCMRAM))
                0x080003e4                __data_regions_array_end = .
                0x080003e4                __bss_regions_array_start = .
                0x080003e4        0x4 LONG 0x20000088 ADDR (.bss)
                0x080003e8        0x4 LONG 0x20000124 (ADDR (.bss) + SIZEOF (.bss))
                0x080003ec        0x4 LONG 0x0 ADDR (.bss_CCMRAM)
                0x080003f0        0x4 LONG 0x0 (ADDR (.bss_CCMRAM) + SIZEOF (.bss_CCMRAM))
                0x080003f4                __bss_regions_array_end = .
 *(.init)
 *(.fini)
                0x080003f4                . = ALIGN (0x4)
                0x080003f4                PROVIDE (__preinit_array_start, .)
 *(.preinit_array_sysinit .preinit_array_sysinit.*)
 *(.preinit_array_platform .preinit_array_platform.*)
 *(.preinit_array .preinit_array.*)
                0x080003f4                PROVIDE (__preinit_array_end, .)
                0x080003f4                . = ALIGN (0x4)
                0x080003f4                PROVIDE (__init_array_start, .)
 *(SORT(.init_array.*))
 *(.init_array)
                0x080003f4                PROVIDE (__init_array_end, .)
                0x080003f4                . = ALIGN (0x4)
                0x080003f4                PROVIDE (__fini_array_start, .)
 *(SORT(.fini_array.*))
 *(.fini_array)
                0x080003f4                PROVIDE (__fini_array_end, .)

.flashtext
 *(.flashtext .flashtext.*)

.text           0x080003f4     0x1713
 *(.text .text.*)
 .text._exit    0x080003f4        0x4 ./system/src/newlib/_exit.o
                0x080003f4                _exit
 .text._sbrk    0x080003f8       0x44 ./system/src/newlib/_sbrk.o
                0x080003f8                _sbrk
 .text.__initialize_args
                0x0800043c       0x10 ./system/src/newlib/_syscalls.o
                0x0800043c                __initialize_args
 .text.trace_printf
                0x0800044c       0x34 ./system/src/diag/Trace.o
                0x0800044c                trace_printf
 .text._trace_write_semihosting_debug
                0x08000480       0x64 ./system/src/diag/trace_impl.o
 .text.trace_write
                0x080004e4        0x8 ./system/src/diag/trace_impl.o
                0x080004e4                trace_write
 .text.__initialize_hardware_early
                0x080004ec       0x18 ./system/src/cortexm/_initialize_hardware.o
                0x080004ec                __initialize_hardware_early
 .text.__initialize_hardware
                0x08000504        0x8 ./system/src/cortexm/_initialize_hardware.o
                0x08000504                __initialize_hardware
 .text.dumpExceptionStack
                0x0800050c       0xf0 ./system/src/cortexm/exception_handlers.o
                0x0800050c                dumpExceptionStack
 .text.isSemihosting
                0x080005fc       0x20 ./system/src/cortexm/exception_handlers.o
                0x080005fc                isSemihosting
 .text.SetSysClock
                0x0800061c       0xac ./system/src/cmsis/system_stm32f2xx.o
 .text.SystemInit
                0x080006c8       0x44 ./system/src/cmsis/system_stm32f2xx.o
                0x080006c8                SystemInit
 .text.SystemCoreClockUpdate
                0x0800070c       0xa4 ./system/src/cmsis/system_stm32f2xx.o
                0x0800070c                SystemCoreClockUpdate
 .text.main     0x080007b0       0x10 ./src/main.o
                0x080007b0                main
 .text.__errno  0x080007c0        0xc c:/gnu_tools_arm_embedded/4.9_2015q3/bin/../lib/gcc/arm-none-eabi/4.9.3/../../../../arm-none-eabi/lib/armv7-m\libg_nano.a(lib_a-errno.o)
                0x080007c0                __errno
 .text.printf   0x080007cc       0x30 c:/gnu_tools_arm_embedded/4.9_2015q3/bin/../lib/gcc/arm-none-eabi/4.9.3/../../../../arm-none-eabi/lib/armv7-m\libg_nano.a(lib_a-printf.o)
                0x080007cc                iprintf
                0x080007cc                printf
 .text._vsnprintf_r
                0x080007fc       0x52 c:/gnu_tools_arm_embedded/4.9_2015q3/bin/../lib/gcc/arm-none-eabi/4.9.3/../../../../arm-none-eabi/lib/armv7-m\libg_nano.a(lib_a-vsnprintf.o)
                0x080007fc                _vsniprintf_r
                0x080007fc                _vsnprintf_r
 *fill*         0x0800084e        0x2 
 .text.vsnprintf
                0x08000850       0x20 c:/gnu_tools_arm_embedded/4.9_2015q3/bin/../lib/gcc/arm-none-eabi/4.9.3/../../../../arm-none-eabi/lib/armv7-m\libg_nano.a(lib_a-vsnprintf.o)
                0x08000850                vsniprintf
                0x08000850                vsnprintf
 .text._cleanup_r
                0x08000870        0xc c:/gnu_tools_arm_embedded/4.9_2015q3/bin/../lib/gcc/arm-none-eabi/4.9.3/../../../../arm-none-eabi/lib/armv7-m\libg_nano.a(lib_a-findfp.o)
                0x08000870                _cleanup_r
 .text.std.isra.0
                0x0800087c       0x48 c:/gnu_tools_arm_embedded/4.9_2015q3/bin/../lib/gcc/arm-none-eabi/4.9.3/../../../../arm-none-eabi/lib/armv7-m\libg_nano.a(lib_a-findfp.o)
 .text.__sfmoreglue
                0x080008c4       0x2c c:/gnu_tools_arm_embedded/4.9_2015q3/bin/../lib/gcc/arm-none-eabi/4.9.3/../../../../arm-none-eabi/lib/armv7-m\libg_nano.a(lib_a-findfp.o)
                0x080008c4                __sfmoreglue
 .text.__sinit  0x080008f0       0x60 c:/gnu_tools_arm_embedded/4.9_2015q3/bin/../lib/gcc/arm-none-eabi/4.9.3/../../../../arm-none-eabi/lib/armv7-m\libg_nano.a(lib_a-findfp.o)
                0x080008f0                __sinit
 .text.__sfp    0x08000950       0x74 c:/gnu_tools_arm_embedded/4.9_2015q3/bin/../lib/gcc/arm-none-eabi/4.9.3/../../../../arm-none-eabi/lib/armv7-m\libg_nano.a(lib_a-findfp.o)
                0x08000950                __sfp
 .text._fwalk_reent
                0x080009c4       0x3c c:/gnu_tools_arm_embedded/4.9_2015q3/bin/../lib/gcc/arm-none-eabi/4.9.3/../../../../arm-none-eabi/lib/armv7-m\libg_nano.a(lib_a-fwalk.o)
                0x080009c4                _fwalk_reent
 .text.memset   0x08000a00       0x10 c:/gnu_tools_arm_embedded/4.9_2015q3/bin/../lib/gcc/arm-none-eabi/4.9.3/../../../../arm-none-eabi/lib/armv7-m\libg_nano.a(lib_a-memset.o)
                0x08000a00                memset
 .text._malloc_r
                0x08000a10       0xac c:/gnu_tools_arm_embedded/4.9_2015q3/bin/../lib/gcc/arm-none-eabi/4.9.3/../../../../arm-none-eabi/lib/armv7-m\libg_nano.a(lib_a-nano-mallocr.o)
                0x08000a10                _malloc_r
 .text.__ssputs_r
                0x08000abc       0xb2 c:/gnu_tools_arm_embedded/4.9_2015q3/bin/../lib/gcc/arm-none-eabi/4.9.3/../../../../arm-none-eabi/lib/armv7-m\libg_nano.a(lib_a-nano-svfprintf.o)
                0x08000abc                __ssputs_r
 *fill*         0x08000b6e        0x2 
 .text._svfprintf_r
                0x08000b70      0x1e4 c:/gnu_tools_arm_embedded/4.9_2015q3/bin/../lib/gcc/arm-none-eabi/4.9.3/../../../../arm-none-eabi/lib/armv7-m\libg_nano.a(lib_a-nano-svfprintf.o)
                0x08000b70                _svfiprintf_r
                0x08000b70                _svfprintf_r
 .text.__sfputc_r
                0x08000d54       0x2c c:/gnu_tools_arm_embedded/4.9_2015q3/bin/../lib/gcc/arm-none-eabi/4.9.3/../../../../arm-none-eabi/lib/armv7-m\libg_nano.a(lib_a-nano-vfprintf.o)
 .text.__sfputs_r
                0x08000d80       0x24 c:/gnu_tools_arm_embedded/4.9_2015q3/bin/../lib/gcc/arm-none-eabi/4.9.3/../../../../arm-none-eabi/lib/armv7-m\libg_nano.a(lib_a-nano-vfprintf.o)
                0x08000d80                __sfputs_r
 .text._vfprintf_r
                0x08000da4      0x210 c:/gnu_tools_arm_embedded/4.9_2015q3/bin/../lib/gcc/arm-none-eabi/4.9.3/../../../../arm-none-eabi/lib/armv7-m\libg_nano.a(lib_a-nano-vfprintf.o)
                0x08000da4                _vfprintf_r
                0x08000da4                _vfiprintf_r
 .text._printf_common
                0x08000fb4       0xea c:/gnu_tools_arm_embedded/4.9_2015q3/bin/../lib/gcc/arm-none-eabi/4.9.3/../../../../arm-none-eabi/lib/armv7-m\libg_nano.a(lib_a-nano-vfprintf_i.o)
                0x08000fb4                _printf_common
 *fill*         0x0800109e        0x2 
 .text._printf_i
                0x080010a0      0x240 c:/gnu_tools_arm_embedded/4.9_2015q3/bin/../lib/gcc/arm-none-eabi/4.9.3/../../../../arm-none-eabi/lib/armv7-m\libg_nano.a(lib_a-nano-vfprintf_i.o)
                0x080010a0                _printf_i
 .text._sbrk_r  0x080012e0       0x20 c:/gnu_tools_arm_embedded/4.9_2015q3/bin/../lib/gcc/arm-none-eabi/4.9.3/../../../../arm-none-eabi/lib/armv7-m\libg_nano.a(lib_a-sbrkr.o)
                0x080012e0                _sbrk_r
 .text.__sread  0x08001300       0x22 c:/gnu_tools_arm_embedded/4.9_2015q3/bin/../lib/gcc/arm-none-eabi/4.9.3/../../../../arm-none-eabi/lib/armv7-m\libg_nano.a(lib_a-stdio.o)
                0x08001300                __sread
 .text.__swrite
                0x08001322       0x38 c:/gnu_tools_arm_embedded/4.9_2015q3/bin/../lib/gcc/arm-none-eabi/4.9.3/../../../../arm-none-eabi/lib/armv7-m\libg_nano.a(lib_a-stdio.o)
                0x08001322                __swrite
 .text.__sseek  0x0800135a       0x24 c:/gnu_tools_arm_embedded/4.9_2015q3/bin/../lib/gcc/arm-none-eabi/4.9.3/../../../../arm-none-eabi/lib/armv7-m\libg_nano.a(lib_a-stdio.o)
                0x0800135a                __sseek
 .text.__sclose
                0x0800137e        0x8 c:/gnu_tools_arm_embedded/4.9_2015q3/bin/../lib/gcc/arm-none-eabi/4.9.3/../../../../arm-none-eabi/lib/armv7-m\libg_nano.a(lib_a-stdio.o)
                0x0800137e                __sclose
 *fill*         0x08001386        0x2 
 .text.__swbuf_r
                0x08001388       0xa8 c:/gnu_tools_arm_embedded/4.9_2015q3/bin/../lib/gcc/arm-none-eabi/4.9.3/../../../../arm-none-eabi/lib/armv7-m\libg_nano.a(lib_a-wbuf.o)
                0x08001388                __swbuf_r
 .text._write_r
                0x08001430       0x24 c:/gnu_tools_arm_embedded/4.9_2015q3/bin/../lib/gcc/arm-none-eabi/4.9.3/../../../../arm-none-eabi/lib/armv7-m\libg_nano.a(lib_a-writer.o)
                0x08001430                _write_r
 .text.__swsetup_r
                0x08001454       0xd8 c:/gnu_tools_arm_embedded/4.9_2015q3/bin/../lib/gcc/arm-none-eabi/4.9.3/../../../../arm-none-eabi/lib/armv7-m\libg_nano.a(lib_a-wsetup.o)
                0x08001454                __swsetup_r
 .text._close_r
                0x0800152c       0x20 c:/gnu_tools_arm_embedded/4.9_2015q3/bin/../lib/gcc/arm-none-eabi/4.9.3/../../../../arm-none-eabi/lib/armv7-m\libg_nano.a(lib_a-closer.o)
                0x0800152c                _close_r
 .text.__sflush_r
                0x0800154c      0x106 c:/gnu_tools_arm_embedded/4.9_2015q3/bin/../lib/gcc/arm-none-eabi/4.9.3/../../../../arm-none-eabi/lib/armv7-m\libg_nano.a(lib_a-fflush.o)
                0x0800154c                __sflush_r
 *fill*         0x08001652        0x2 
 .text._fflush_r
                0x08001654       0x54 c:/gnu_tools_arm_embedded/4.9_2015q3/bin/../lib/gcc/arm-none-eabi/4.9.3/../../../../arm-none-eabi/lib/armv7-m\libg_nano.a(lib_a-fflush.o)
                0x08001654                _fflush_r
 .text._lseek_r
                0x080016a8       0x24 c:/gnu_tools_arm_embedded/4.9_2015q3/bin/../lib/gcc/arm-none-eabi/4.9.3/../../../../arm-none-eabi/lib/armv7-m\libg_nano.a(lib_a-lseekr.o)
                0x080016a8                _lseek_r
 .text.__smakebuf_r
                0x080016cc       0x98 c:/gnu_tools_arm_embedded/4.9_2015q3/bin/../lib/gcc/arm-none-eabi/4.9.3/../../../../arm-none-eabi/lib/armv7-m\libg_nano.a(lib_a-makebuf.o)
                0x080016cc                __smakebuf_r
 .text.memchr   0x08001764       0x1c c:/gnu_tools_arm_embedded/4.9_2015q3/bin/../lib/gcc/arm-none-eabi/4.9.3/../../../../arm-none-eabi/lib/armv7-m\libg_nano.a(lib_a-memchr.o)
                0x08001764                memchr
 .text.memcpy   0x08001780       0x16 c:/gnu_tools_arm_embedded/4.9_2015q3/bin/../lib/gcc/arm-none-eabi/4.9.3/../../../../arm-none-eabi/lib/armv7-m\libg_nano.a(lib_a-memcpy.o)
                0x08001780                memcpy
 .text.memmove  0x08001796       0x36 c:/gnu_tools_arm_embedded/4.9_2015q3/bin/../lib/gcc/arm-none-eabi/4.9.3/../../../../arm-none-eabi/lib/armv7-m\libg_nano.a(lib_a-memmove.o)
                0x08001796                memmove
 .text._free_r  0x080017cc       0x88 c:/gnu_tools_arm_embedded/4.9_2015q3/bin/../lib/gcc/arm-none-eabi/4.9.3/../../../../arm-none-eabi/lib/armv7-m\libg_nano.a(lib_a-nano-freer.o)
                0x080017cc                _free_r
 .text._realloc_r
                0x08001854       0x4c c:/gnu_tools_arm_embedded/4.9_2015q3/bin/../lib/gcc/arm-none-eabi/4.9.3/../../../../arm-none-eabi/lib/armv7-m\libg_nano.a(lib_a-nano-reallocr.o)
                0x08001854                _realloc_r
 .text._read_r  0x080018a0       0x24 c:/gnu_tools_arm_embedded/4.9_2015q3/bin/../lib/gcc/arm-none-eabi/4.9.3/../../../../arm-none-eabi/lib/armv7-m\libg_nano.a(lib_a-readr.o)
                0x080018a0                _read_r
 .text._fstat_r
                0x080018c4       0x24 c:/gnu_tools_arm_embedded/4.9_2015q3/bin/../lib/gcc/arm-none-eabi/4.9.3/../../../../arm-none-eabi/lib/armv7-m\libg_nano.a(lib_a-fstatr.o)
                0x080018c4                _fstat_r
 .text._isatty_r
                0x080018e8       0x20 c:/gnu_tools_arm_embedded/4.9_2015q3/bin/../lib/gcc/arm-none-eabi/4.9.3/../../../../arm-none-eabi/lib/armv7-m\libg_nano.a(lib_a-isattyr.o)
                0x080018e8                _isatty_r
 .text._malloc_usable_size_r
                0x08001908       0x14 c:/gnu_tools_arm_embedded/4.9_2015q3/bin/../lib/gcc/arm-none-eabi/4.9.3/../../../../arm-none-eabi/lib/armv7-m\libg_nano.a(lib_a-nano-msizer.o)
                0x08001908                _malloc_usable_size_r
 *(.rodata .rodata.* .constdata .constdata.*)
 .rodata.str1.4
                0x0800191c      0x146 ./system/src/cortexm/exception_handlers.o
 *fill*         0x08001a62        0x2 
 .rodata.str1.4
                0x08001a64        0x8 ./src/main.o
                                  0x5 (size before relaxing)
 .rodata.str1.1
                0x08001a6c        0x2 c:/gnu_tools_arm_embedded/4.9_2015q3/bin/../lib/gcc/arm-none-eabi/4.9.3/../../../../arm-none-eabi/lib/armv7-m\libg_nano.a(lib_a-impure.o)
 *fill*         0x08001a6e        0x2 
 .rodata._global_impure_ptr
                0x08001a70        0x4 c:/gnu_tools_arm_embedded/4.9_2015q3/bin/../lib/gcc/arm-none-eabi/4.9.3/../../../../arm-none-eabi/lib/armv7-m\libg_nano.a(lib_a-impure.o)
                0x08001a70                _global_impure_ptr
 .rodata.__sf_fake_stdin
                0x08001a74       0x20 c:/gnu_tools_arm_embedded/4.9_2015q3/bin/../lib/gcc/arm-none-eabi/4.9.3/../../../../arm-none-eabi/lib/armv7-m\libg_nano.a(lib_a-findfp.o)
                0x08001a74                __sf_fake_stdin
 .rodata.__sf_fake_stdout
                0x08001a94       0x20 c:/gnu_tools_arm_embedded/4.9_2015q3/bin/../lib/gcc/arm-none-eabi/4.9.3/../../../../arm-none-eabi/lib/armv7-m\libg_nano.a(lib_a-findfp.o)
                0x08001a94                __sf_fake_stdout
 .rodata.__sf_fake_stderr
                0x08001ab4       0x20 c:/gnu_tools_arm_embedded/4.9_2015q3/bin/../lib/gcc/arm-none-eabi/4.9.3/../../../../arm-none-eabi/lib/armv7-m\libg_nano.a(lib_a-findfp.o)
                0x08001ab4                __sf_fake_stderr
 .rodata.str1.1
                0x08001ad4       0x11 c:/gnu_tools_arm_embedded/4.9_2015q3/bin/../lib/gcc/arm-none-eabi/4.9.3/../../../../arm-none-eabi/lib/armv7-m\libg_nano.a(lib_a-nano-svfprintf.o)
 .rodata.str1.1
                0x00000000       0x11 c:/gnu_tools_arm_embedded/4.9_2015q3/bin/../lib/gcc/arm-none-eabi/4.9.3/../../../../arm-none-eabi/lib/armv7-m\libg_nano.a(lib_a-nano-vfprintf.o)
 .rodata.str1.1
                0x08001ae5       0x22 c:/gnu_tools_arm_embedded/4.9_2015q3/bin/../lib/gcc/arm-none-eabi/4.9.3/../../../../arm-none-eabi/lib/armv7-m\libg_nano.a(lib_a-nano-vfprintf_i.o)
 *(vtable)
 *(.eh_frame*)
 *(.glue_7)
 .glue_7        0x00000000        0x0 linker stubs
 *(.glue_7t)
 .glue_7t       0x00000000        0x0 linker stubs

.vfp11_veneer   0x08001b08        0x0
 .vfp11_veneer  0x00000000        0x0 linker stubs

.v4_bx          0x08001b08        0x0
 .v4_bx         0x00000000        0x0 linker stubs

.iplt           0x08001b08        0x0
 .iplt          0x00000000        0x0 ./system/src/stm32f2-stdperiph/misc.o

.rel.dyn        0x08001b08        0x0
 .rel.iplt      0x00000000        0x0 ./system/src/stm32f2-stdperiph/misc.o

.ARM.extab
 *(.ARM.extab* .gnu.linkonce.armextab.*)
                0x08001b08                . = ALIGN (0x4)
                0x08001b08                __exidx_start = .

.ARM.exidx
 *(.ARM.exidx* .gnu.linkonce.armexidx.*)
                0x08001b08                __exidx_end = .
                0x08001b08                . = ALIGN (0x4)
                0x08001b08                _etext = .
                0x08001b08                __etext = .

.data_CCMRAM    0x00000000        0x0 load address 0x08001b08
 FILL mask 0xff
 *(.data.CCMRAM .data.CCMRAM.*)
                0x00000000                . = ALIGN (0x4)
                0x08001b08                _sidata = LOADADDR (.data)

.data           0x20000000       0x88 load address 0x08001b08
 FILL mask 0xff
                0x20000000                _sdata = .
                0x20000000                __data_start__ = .
 *(.data_begin .data_begin.*)
 .data_begin    0x20000000        0x4 ./system/src/newlib/_startup.o
 *(.data .data.*)
 .data.argv.4161
                0x20000004        0x8 ./system/src/newlib/_syscalls.o
 .data.AHBPrescTable
                0x2000000c       0x10 ./system/src/cmsis/system_stm32f2xx.o
                0x2000000c                AHBPrescTable
 .data.SystemCoreClock
                0x2000001c        0x4 ./system/src/cmsis/system_stm32f2xx.o
                0x2000001c                SystemCoreClock
 .data.impure_data
                0x20000020       0x60 c:/gnu_tools_arm_embedded/4.9_2015q3/bin/../lib/gcc/arm-none-eabi/4.9.3/../../../../arm-none-eabi/lib/armv7-m\libg_nano.a(lib_a-impure.o)
 .data._impure_ptr
                0x20000080        0x4 c:/gnu_tools_arm_embedded/4.9_2015q3/bin/../lib/gcc/arm-none-eabi/4.9.3/../../../../arm-none-eabi/lib/armv7-m\libg_nano.a(lib_a-impure.o)
                0x20000080                _impure_ptr
 *(.data_end .data_end.*)
 .data_end      0x20000084        0x4 ./system/src/newlib/_startup.o
                0x20000088                . = ALIGN (0x4)
                0x20000088                _edata = .
                0x20000088                __data_end__ = .

.igot.plt       0x20000088        0x0 load address 0x08001b90
 .igot.plt      0x00000000        0x0 ./system/src/stm32f2-stdperiph/misc.o

.bss_CCMRAM     0x00000000        0x0
 *(.bss.CCMRAM .bss.CCMRAM.*)

.bss            0x20000088       0x9c
                0x20000088                __bss_start__ = .
                0x20000088                _sbss = .
 *(.bss_begin .bss_begin.*)
 .bss_begin     0x20000088        0x4 ./system/src/newlib/_startup.o
 *(.bss .bss.*)
 .bss.current_heap_end.3862
                0x2000008c        0x4 ./system/src/newlib/_sbrk.o
 .bss.name.4160
                0x20000090        0x1 ./system/src/newlib/_syscalls.o
 *fill*         0x20000091        0x3 
 .bss.buf.4998  0x20000094       0x80 ./system/src/diag/Trace.o
 .bss.__malloc_sbrk_start
                0x20000114        0x4 c:/gnu_tools_arm_embedded/4.9_2015q3/bin/../lib/gcc/arm-none-eabi/4.9.3/../../../../arm-none-eabi/lib/armv7-m\libg_nano.a(lib_a-nano-mallocr.o)
                0x20000114                __malloc_sbrk_start
 .bss.__malloc_free_list
                0x20000118        0x4 c:/gnu_tools_arm_embedded/4.9_2015q3/bin/../lib/gcc/arm-none-eabi/4.9.3/../../../../arm-none-eabi/lib/armv7-m\libg_nano.a(lib_a-nano-mallocr.o)
                0x20000118                __malloc_free_list
 *(COMMON)
 COMMON         0x2000011c        0x4 ./system/src/newlib/_syscalls.o
                0x2000011c                errno
 *(.bss_end .bss_end.*)
 .bss_end       0x20000120        0x4 ./system/src/newlib/_startup.o
                0x20000124                . = ALIGN (0x4)
                0x20000124                __bss_end__ = .
                0x20000124                _ebss = .

.noinit_CCMRAM
 *(.noinit.CCMRAM .noinit.CCMRAM.*)

.noinit         0x20000124        0x0
                0x20000124                _noinit = .
 *(.noinit .noinit.*)
                0x20000124                . = ALIGN (0x4)
                0x20000124                _end_noinit = .
                0x20000124                PROVIDE (end, _end_noinit)
                0x20000124                PROVIDE (_end, _end_noinit)
                0x20000124                PROVIDE (__end, _end_noinit)
                0x20000124                PROVIDE (__end__, _end_noinit)

._check_stack   0x20000124      0x100
                0x20000224                . = (. + _Minimum_Stack_Size)
 *fill*         0x20000124      0x100 

.b1text
 *(.b1text)
 *(.b1rodata)
 *(.b1rodata.*)

.eb0text
 *(.eb0text)
 *(.eb0rodata)
 *(.eb0rodata.*)

.eb1text
 *(.eb1text)
 *(.eb1rodata)
 *(.eb1rodata.*)

.eb2text
 *(.eb2text)
 *(.eb2rodata)
 *(.eb2rodata.*)

.eb3text
 *(.eb3text)
 *(.eb3rodata)
 *(.eb3rodata.*)

.stab
 *(.stab)

.stabstr
 *(.stabstr)

.stab.excl
 *(.stab.excl)

.stab.exclstr
 *(.stab.exclstr)

.stab.index
 *(.stab.index)

.stab.indexstr
 *(.stab.indexstr)

.comment        0x00000000       0x70
 *(.comment)
 .comment       0x00000000       0x70 ./system/src/newlib/_exit.o
                                 0x71 (size before relaxing)
 .comment       0x00000000       0x71 ./system/src/newlib/_sbrk.o
 .comment       0x00000000       0x71 ./system/src/newlib/_startup.o
 .comment       0x00000000       0x71 ./system/src/newlib/_syscalls.o
 .comment       0x00000000       0x71 ./system/src/diag/Trace.o
 .comment       0x00000000       0x71 ./system/src/diag/trace_impl.o
 .comment       0x00000000       0x71 ./system/src/cortexm/_initialize_hardware.o
 .comment       0x00000000       0x71 ./system/src/cortexm/exception_handlers.o
 .comment       0x00000000       0x71 ./system/src/cmsis/system_stm32f2xx.o
 .comment       0x00000000       0x71 ./system/src/cmsis/vectors_stm32f2xx.o
 .comment       0x00000000       0x71 ./src/main.o

.ARM.attributes
                0x00000000       0x33
 .ARM.attributes
                0x00000000       0x33 ./system/src/newlib/_exit.o
 .ARM.attributes
                0x00000033       0x33 ./system/src/newlib/_sbrk.o
 .ARM.attributes
                0x00000066       0x33 ./system/src/newlib/_startup.o
 .ARM.attributes
                0x00000099       0x33 ./system/src/newlib/_syscalls.o
 .ARM.attributes
                0x000000cc       0x33 ./system/src/diag/Trace.o
 .ARM.attributes
                0x000000ff       0x33 ./system/src/diag/trace_impl.o
 .ARM.attributes
                0x00000132       0x33 ./system/src/cortexm/_initialize_hardware.o
 .ARM.attributes
                0x00000165       0x33 ./system/src/cortexm/exception_handlers.o
 .ARM.attributes
                0x00000198       0x33 ./system/src/cmsis/system_stm32f2xx.o
 .ARM.attributes
                0x000001cb       0x33 ./system/src/cmsis/vectors_stm32f2xx.o
 .ARM.attributes
                0x000001fe       0x33 ./src/main.o
 .ARM.attributes
                0x00000231       0x2d c:/gnu_tools_arm_embedded/4.9_2015q3/bin/../lib/gcc/arm-none-eabi/4.9.3/../../../../arm-none-eabi/lib/armv7-m\libg_nano.a(lib_a-errno.o)
 .ARM.attributes
                0x0000025e       0x2d c:/gnu_tools_arm_embedded/4.9_2015q3/bin/../lib/gcc/arm-none-eabi/4.9.3/../../../../arm-none-eabi/lib/armv7-m\libg_nano.a(lib_a-impure.o)
 .ARM.attributes
                0x0000028b       0x2d c:/gnu_tools_arm_embedded/4.9_2015q3/bin/../lib/gcc/arm-none-eabi/4.9.3/../../../../arm-none-eabi/lib/armv7-m\libg_nano.a(lib_a-printf.o)
 .ARM.attributes
                0x000002b8       0x2d c:/gnu_tools_arm_embedded/4.9_2015q3/bin/../lib/gcc/arm-none-eabi/4.9.3/../../../../arm-none-eabi/lib/armv7-m\libg_nano.a(lib_a-vsnprintf.o)
 .ARM.attributes
                0x000002e5       0x2d c:/gnu_tools_arm_embedded/4.9_2015q3/bin/../lib/gcc/arm-none-eabi/4.9.3/../../../../arm-none-eabi/lib/armv7-m\libg_nano.a(lib_a-findfp.o)
 .ARM.attributes
                0x00000312       0x2d c:/gnu_tools_arm_embedded/4.9_2015q3/bin/../lib/gcc/arm-none-eabi/4.9.3/../../../../arm-none-eabi/lib/armv7-m\libg_nano.a(lib_a-fwalk.o)
 .ARM.attributes
                0x0000033f       0x2d c:/gnu_tools_arm_embedded/4.9_2015q3/bin/../lib/gcc/arm-none-eabi/4.9.3/../../../../arm-none-eabi/lib/armv7-m\libg_nano.a(lib_a-memset.o)
 .ARM.attributes
                0x0000036c       0x2d c:/gnu_tools_arm_embedded/4.9_2015q3/bin/../lib/gcc/arm-none-eabi/4.9.3/../../../../arm-none-eabi/lib/armv7-m\libg_nano.a(lib_a-nano-mallocr.o)
 .ARM.attributes
                0x00000399       0x2d c:/gnu_tools_arm_embedded/4.9_2015q3/bin/../lib/gcc/arm-none-eabi/4.9.3/../../../../arm-none-eabi/lib/armv7-m\libg_nano.a(lib_a-nano-svfprintf.o)
 .ARM.attributes
                0x000003c6       0x2d c:/gnu_tools_arm_embedded/4.9_2015q3/bin/../lib/gcc/arm-none-eabi/4.9.3/../../../../arm-none-eabi/lib/armv7-m\libg_nano.a(lib_a-nano-vfprintf.o)
 .ARM.attributes
                0x000003f3       0x2d c:/gnu_tools_arm_embedded/4.9_2015q3/bin/../lib/gcc/arm-none-eabi/4.9.3/../../../../arm-none-eabi/lib/armv7-m\libg_nano.a(lib_a-nano-vfprintf_i.o)
 .ARM.attributes
                0x00000420       0x2d c:/gnu_tools_arm_embedded/4.9_2015q3/bin/../lib/gcc/arm-none-eabi/4.9.3/../../../../arm-none-eabi/lib/armv7-m\libg_nano.a(lib_a-sbrkr.o)
 .ARM.attributes
                0x0000044d       0x2d c:/gnu_tools_arm_embedded/4.9_2015q3/bin/../lib/gcc/arm-none-eabi/4.9.3/../../../../arm-none-eabi/lib/armv7-m\libg_nano.a(lib_a-stdio.o)
 .ARM.attributes
                0x0000047a       0x2d c:/gnu_tools_arm_embedded/4.9_2015q3/bin/../lib/gcc/arm-none-eabi/4.9.3/../../../../arm-none-eabi/lib/armv7-m\libg_nano.a(lib_a-wbuf.o)
 .ARM.attributes
                0x000004a7       0x2d c:/gnu_tools_arm_embedded/4.9_2015q3/bin/../lib/gcc/arm-none-eabi/4.9.3/../../../../arm-none-eabi/lib/armv7-m\libg_nano.a(lib_a-writer.o)
 .ARM.attributes
                0x000004d4       0x2d c:/gnu_tools_arm_embedded/4.9_2015q3/bin/../lib/gcc/arm-none-eabi/4.9.3/../../../../arm-none-eabi/lib/armv7-m\libg_nano.a(lib_a-wsetup.o)
 .ARM.attributes
                0x00000501       0x2d c:/gnu_tools_arm_embedded/4.9_2015q3/bin/../lib/gcc/arm-none-eabi/4.9.3/../../../../arm-none-eabi/lib/armv7-m\libg_nano.a(lib_a-closer.o)
 .ARM.attributes
                0x0000052e       0x2d c:/gnu_tools_arm_embedded/4.9_2015q3/bin/../lib/gcc/arm-none-eabi/4.9.3/../../../../arm-none-eabi/lib/armv7-m\libg_nano.a(lib_a-fflush.o)
 .ARM.attributes
                0x0000055b       0x2d c:/gnu_tools_arm_embedded/4.9_2015q3/bin/../lib/gcc/arm-none-eabi/4.9.3/../../../../arm-none-eabi/lib/armv7-m\libg_nano.a(lib_a-lseekr.o)
 .ARM.attributes
                0x00000588       0x2d c:/gnu_tools_arm_embedded/4.9_2015q3/bin/../lib/gcc/arm-none-eabi/4.9.3/../../../../arm-none-eabi/lib/armv7-m\libg_nano.a(lib_a-makebuf.o)
 .ARM.attributes
                0x000005b5       0x2d c:/gnu_tools_arm_embedded/4.9_2015q3/bin/../lib/gcc/arm-none-eabi/4.9.3/../../../../arm-none-eabi/lib/armv7-m\libg_nano.a(lib_a-memchr.o)
 .ARM.attributes
                0x000005e2       0x2d c:/gnu_tools_arm_embedded/4.9_2015q3/bin/../lib/gcc/arm-none-eabi/4.9.3/../../../../arm-none-eabi/lib/armv7-m\libg_nano.a(lib_a-memcpy.o)
 .ARM.attributes
                0x0000060f       0x2d c:/gnu_tools_arm_embedded/4.9_2015q3/bin/../lib/gcc/arm-none-eabi/4.9.3/../../../../arm-none-eabi/lib/armv7-m\libg_nano.a(lib_a-memmove.o)
 .ARM.attributes
                0x0000063c       0x2d c:/gnu_tools_arm_embedded/4.9_2015q3/bin/../lib/gcc/arm-none-eabi/4.9.3/../../../../arm-none-eabi/lib/armv7-m\libg_nano.a(lib_a-nano-freer.o)
 .ARM.attributes
                0x00000669       0x2d c:/gnu_tools_arm_embedded/4.9_2015q3/bin/../lib/gcc/arm-none-eabi/4.9.3/../../../../arm-none-eabi/lib/armv7-m\libg_nano.a(lib_a-nano-reallocr.o)
 .ARM.attributes
                0x00000696       0x2d c:/gnu_tools_arm_embedded/4.9_2015q3/bin/../lib/gcc/arm-none-eabi/4.9.3/../../../../arm-none-eabi/lib/armv7-m\libg_nano.a(lib_a-readr.o)
 .ARM.attributes
                0x000006c3       0x2d c:/gnu_tools_arm_embedded/4.9_2015q3/bin/../lib/gcc/arm-none-eabi/4.9.3/../../../../arm-none-eabi/lib/armv7-m\libg_nano.a(lib_a-fstatr.o)
 .ARM.attributes
                0x000006f0       0x2d c:/gnu_tools_arm_embedded/4.9_2015q3/bin/../lib/gcc/arm-none-eabi/4.9.3/../../../../arm-none-eabi/lib/armv7-m\libg_nano.a(lib_a-isattyr.o)
 .ARM.attributes
                0x0000071d       0x2d c:/gnu_tools_arm_embedded/4.9_2015q3/bin/../lib/gcc/arm-none-eabi/4.9.3/../../../../arm-none-eabi/lib/armv7-m\libg_nano.a(lib_a-nano-msizer.o)

.debug
 *(.debug)

.line
 *(.line)

.debug_srcinfo
 *(.debug_srcinfo)

.debug_sfnames
 *(.debug_sfnames)

.debug_aranges  0x00000000      0x248
 *(.debug_aranges)
 .debug_aranges
                0x00000000       0x28 ./system/src/newlib/_exit.o
 .debug_aranges
                0x00000028       0x20 ./system/src/newlib/_sbrk.o
 .debug_aranges
                0x00000048       0x40 ./system/src/newlib/_startup.o
 .debug_aranges
                0x00000088       0x30 ./system/src/newlib/_syscalls.o
 .debug_aranges
                0x000000b8       0x38 ./system/src/diag/Trace.o
 .debug_aranges
                0x000000f0       0x30 ./system/src/diag/trace_impl.o
 .debug_aranges
                0x00000120       0x28 ./system/src/cortexm/_initialize_hardware.o
 .debug_aranges
                0x00000148       0x90 ./system/src/cortexm/exception_handlers.o
 .debug_aranges
                0x000001d8       0x30 ./system/src/cmsis/system_stm32f2xx.o
 .debug_aranges
                0x00000208       0x20 ./system/src/cmsis/vectors_stm32f2xx.o
 .debug_aranges
                0x00000228       0x20 ./src/main.o

.debug_pubnames
 *(.debug_pubnames)

.debug_info     0x00000000     0x210e
 *(.debug_info .gnu.linkonce.wi.*)
 .debug_info    0x00000000      0x100 ./system/src/newlib/_exit.o
 .debug_info    0x00000100      0x125 ./system/src/newlib/_sbrk.o
 .debug_info    0x00000225      0x475 ./system/src/newlib/_startup.o
 .debug_info    0x0000069a      0x1bc ./system/src/newlib/_syscalls.o
 .debug_info    0x00000856      0x32b ./system/src/diag/Trace.o
 .debug_info    0x00000b81      0x305 ./system/src/diag/trace_impl.o
 .debug_info    0x00000e86      0x294 ./system/src/cortexm/_initialize_hardware.o
 .debug_info    0x0000111a      0x8d8 ./system/src/cortexm/exception_handlers.o
 .debug_info    0x000019f2      0x552 ./system/src/cmsis/system_stm32f2xx.o
 .debug_info    0x00001f44       0xd1 ./system/src/cmsis/vectors_stm32f2xx.o
 .debug_info    0x00002015       0xf9 ./src/main.o

.debug_abbrev   0x00000000      0xd25
 *(.debug_abbrev)
 .debug_abbrev  0x00000000       0xa4 ./system/src/newlib/_exit.o
 .debug_abbrev  0x000000a4       0xbb ./system/src/newlib/_sbrk.o
 .debug_abbrev  0x0000015f      0x1e9 ./system/src/newlib/_startup.o
 .debug_abbrev  0x00000348       0xee ./system/src/newlib/_syscalls.o
 .debug_abbrev  0x00000436      0x178 ./system/src/diag/Trace.o
 .debug_abbrev  0x000005ae      0x1bd ./system/src/diag/trace_impl.o
 .debug_abbrev  0x0000076b       0xea ./system/src/cortexm/_initialize_hardware.o
 .debug_abbrev  0x00000855      0x23e ./system/src/cortexm/exception_handlers.o
 .debug_abbrev  0x00000a93      0x157 ./system/src/cmsis/system_stm32f2xx.o
 .debug_abbrev  0x00000bea       0x9d ./system/src/cmsis/vectors_stm32f2xx.o
 .debug_abbrev  0x00000c87       0x9e ./src/main.o

.debug_line     0x00000000     0x24a1
 *(.debug_line)
 .debug_line    0x00000000      0x27f ./system/src/newlib/_exit.o
 .debug_line    0x0000027f      0x22c ./system/src/newlib/_sbrk.o
 .debug_line    0x000004ab      0x2ea ./system/src/newlib/_startup.o
 .debug_line    0x00000795      0x346 ./system/src/newlib/_syscalls.o
 .debug_line    0x00000adb      0x2dc ./system/src/diag/Trace.o
 .debug_line    0x00000db7      0x5a0 ./system/src/diag/trace_impl.o
 .debug_line    0x00001357      0x39e ./system/src/cortexm/_initialize_hardware.o
 .debug_line    0x000016f5      0x659 ./system/src/cortexm/exception_handlers.o
 .debug_line    0x00001d4e      0x3de ./system/src/cmsis/system_stm32f2xx.o
 .debug_line    0x0000212c       0xf4 ./system/src/cmsis/vectors_stm32f2xx.o
 .debug_line    0x00002220      0x281 ./src/main.o

.debug_frame    0x00000000      0xc4c
 *(.debug_frame)
 .debug_frame   0x00000000       0x38 ./system/src/newlib/_exit.o
 .debug_frame   0x00000038       0x28 ./system/src/newlib/_sbrk.o
 .debug_frame   0x00000060       0x7c ./system/src/newlib/_startup.o
 .debug_frame   0x000000dc       0x50 ./system/src/newlib/_syscalls.o
 .debug_frame   0x0000012c       0x94 ./system/src/diag/Trace.o
 .debug_frame   0x000001c0       0x60 ./system/src/diag/trace_impl.o
 .debug_frame   0x00000220       0x40 ./system/src/cortexm/_initialize_hardware.o
 .debug_frame   0x00000260      0x158 ./system/src/cortexm/exception_handlers.o
 .debug_frame   0x000003b8       0x50 ./system/src/cmsis/system_stm32f2xx.o
 .debug_frame   0x00000408       0x20 ./system/src/cmsis/vectors_stm32f2xx.o
 .debug_frame   0x00000428       0x28 ./src/main.o
 .debug_frame   0x00000450       0x20 c:/gnu_tools_arm_embedded/4.9_2015q3/bin/../lib/gcc/arm-none-eabi/4.9.3/../../../../arm-none-eabi/lib/armv7-m\libg_nano.a(lib_a-errno.o)
 .debug_frame   0x00000470       0x74 c:/gnu_tools_arm_embedded/4.9_2015q3/bin/../lib/gcc/arm-none-eabi/4.9.3/../../../../arm-none-eabi/lib/armv7-m\libg_nano.a(lib_a-printf.o)
 .debug_frame   0x000004e4       0x50 c:/gnu_tools_arm_embedded/4.9_2015q3/bin/../lib/gcc/arm-none-eabi/4.9.3/../../../../arm-none-eabi/lib/armv7-m\libg_nano.a(lib_a-vsnprintf.o)
 .debug_frame   0x00000534      0x11c c:/gnu_tools_arm_embedded/4.9_2015q3/bin/../lib/gcc/arm-none-eabi/4.9.3/../../../../arm-none-eabi/lib/armv7-m\libg_nano.a(lib_a-findfp.o)
 .debug_frame   0x00000650       0x54 c:/gnu_tools_arm_embedded/4.9_2015q3/bin/../lib/gcc/arm-none-eabi/4.9.3/../../../../arm-none-eabi/lib/armv7-m\libg_nano.a(lib_a-fwalk.o)
 .debug_frame   0x000006a4       0x20 c:/gnu_tools_arm_embedded/4.9_2015q3/bin/../lib/gcc/arm-none-eabi/4.9.3/../../../../arm-none-eabi/lib/armv7-m\libg_nano.a(lib_a-memset.o)
 .debug_frame   0x000006c4       0x2c c:/gnu_tools_arm_embedded/4.9_2015q3/bin/../lib/gcc/arm-none-eabi/4.9.3/../../../../arm-none-eabi/lib/armv7-m\libg_nano.a(lib_a-nano-mallocr.o)
 .debug_frame   0x000006f0       0x8c c:/gnu_tools_arm_embedded/4.9_2015q3/bin/../lib/gcc/arm-none-eabi/4.9.3/../../../../arm-none-eabi/lib/armv7-m\libg_nano.a(lib_a-nano-svfprintf.o)
 .debug_frame   0x0000077c       0xb8 c:/gnu_tools_arm_embedded/4.9_2015q3/bin/../lib/gcc/arm-none-eabi/4.9.3/../../../../arm-none-eabi/lib/armv7-m\libg_nano.a(lib_a-nano-vfprintf.o)
 .debug_frame   0x00000834       0x58 c:/gnu_tools_arm_embedded/4.9_2015q3/bin/../lib/gcc/arm-none-eabi/4.9.3/../../../../arm-none-eabi/lib/armv7-m\libg_nano.a(lib_a-nano-vfprintf_i.o)
 .debug_frame   0x0000088c       0x2c c:/gnu_tools_arm_embedded/4.9_2015q3/bin/../lib/gcc/arm-none-eabi/4.9.3/../../../../arm-none-eabi/lib/armv7-m\libg_nano.a(lib_a-sbrkr.o)
 .debug_frame   0x000008b8       0x88 c:/gnu_tools_arm_embedded/4.9_2015q3/bin/../lib/gcc/arm-none-eabi/4.9.3/../../../../arm-none-eabi/lib/armv7-m\libg_nano.a(lib_a-stdio.o)
 .debug_frame   0x00000940       0x3c c:/gnu_tools_arm_embedded/4.9_2015q3/bin/../lib/gcc/arm-none-eabi/4.9.3/../../../../arm-none-eabi/lib/armv7-m\libg_nano.a(lib_a-wbuf.o)
 .debug_frame   0x0000097c       0x2c c:/gnu_tools_arm_embedded/4.9_2015q3/bin/../lib/gcc/arm-none-eabi/4.9.3/../../../../arm-none-eabi/lib/armv7-m\libg_nano.a(lib_a-writer.o)
 .debug_frame   0x000009a8       0x2c c:/gnu_tools_arm_embedded/4.9_2015q3/bin/../lib/gcc/arm-none-eabi/4.9.3/../../../../arm-none-eabi/lib/armv7-m\libg_nano.a(lib_a-wsetup.o)
 .debug_frame   0x000009d4       0x2c c:/gnu_tools_arm_embedded/4.9_2015q3/bin/../lib/gcc/arm-none-eabi/4.9.3/../../../../arm-none-eabi/lib/armv7-m\libg_nano.a(lib_a-closer.o)
 .debug_frame   0x00000a00       0x68 c:/gnu_tools_arm_embedded/4.9_2015q3/bin/../lib/gcc/arm-none-eabi/4.9.3/../../../../arm-none-eabi/lib/armv7-m\libg_nano.a(lib_a-fflush.o)
 .debug_frame   0x00000a68       0x2c c:/gnu_tools_arm_embedded/4.9_2015q3/bin/../lib/gcc/arm-none-eabi/4.9.3/../../../../arm-none-eabi/lib/armv7-m\libg_nano.a(lib_a-lseekr.o)
 .debug_frame   0x00000a94       0x34 c:/gnu_tools_arm_embedded/4.9_2015q3/bin/../lib/gcc/arm-none-eabi/4.9.3/../../../../arm-none-eabi/lib/armv7-m\libg_nano.a(lib_a-makebuf.o)
 .debug_frame   0x00000ac8       0x28 c:/gnu_tools_arm_embedded/4.9_2015q3/bin/../lib/gcc/arm-none-eabi/4.9.3/../../../../arm-none-eabi/lib/armv7-m\libg_nano.a(lib_a-memchr.o)
 .debug_frame   0x00000af0       0x28 c:/gnu_tools_arm_embedded/4.9_2015q3/bin/../lib/gcc/arm-none-eabi/4.9.3/../../../../arm-none-eabi/lib/armv7-m\libg_nano.a(lib_a-memcpy.o)
 .debug_frame   0x00000b18       0x28 c:/gnu_tools_arm_embedded/4.9_2015q3/bin/../lib/gcc/arm-none-eabi/4.9.3/../../../../arm-none-eabi/lib/armv7-m\libg_nano.a(lib_a-memmove.o)
 .debug_frame   0x00000b40       0x2c c:/gnu_tools_arm_embedded/4.9_2015q3/bin/../lib/gcc/arm-none-eabi/4.9.3/../../../../arm-none-eabi/lib/armv7-m\libg_nano.a(lib_a-nano-freer.o)
 .debug_frame   0x00000b6c       0x3c c:/gnu_tools_arm_embedded/4.9_2015q3/bin/../lib/gcc/arm-none-eabi/4.9.3/../../../../arm-none-eabi/lib/armv7-m\libg_nano.a(lib_a-nano-reallocr.o)
 .debug_frame   0x00000ba8       0x2c c:/gnu_tools_arm_embedded/4.9_2015q3/bin/../lib/gcc/arm-none-eabi/4.9.3/../../../../arm-none-eabi/lib/armv7-m\libg_nano.a(lib_a-readr.o)
 .debug_frame   0x00000bd4       0x2c c:/gnu_tools_arm_embedded/4.9_2015q3/bin/../lib/gcc/arm-none-eabi/4.9.3/../../../../arm-none-eabi/lib/armv7-m\libg_nano.a(lib_a-fstatr.o)
 .debug_frame   0x00000c00       0x2c c:/gnu_tools_arm_embedded/4.9_2015q3/bin/../lib/gcc/arm-none-eabi/4.9.3/../../../../arm-none-eabi/lib/armv7-m\libg_nano.a(lib_a-isattyr.o)
 .debug_frame   0x00000c2c       0x20 c:/gnu_tools_arm_embedded/4.9_2015q3/bin/../lib/gcc/arm-none-eabi/4.9.3/../../../../arm-none-eabi/lib/armv7-m\libg_nano.a(lib_a-nano-msizer.o)

.debug_str      0x00000000    0x5ab48
 *(.debug_str)
 .debug_str     0x00000000     0x5e86 ./system/src/newlib/_exit.o
                               0x5ff8 (size before relaxing)
 .debug_str     0x00005e86      0x4de ./system/src/newlib/_sbrk.o
                               0x5409 (size before relaxing)
 .debug_str     0x00006364      0xbc5 ./system/src/newlib/_startup.o
                               0x4fe1 (size before relaxing)
 .debug_str     0x00006f29     0x11be ./system/src/newlib/_syscalls.o
                               0x6609 (size before relaxing)
 .debug_str     0x000080e7      0x9c9 ./system/src/diag/Trace.o
                               0x6919 (size before relaxing)
 .debug_str     0x00008ab0    0x51bfb ./system/src/diag/trace_impl.o
                              0x57949 (size before relaxing)
 .debug_str     0x0005a6ab       0xc4 ./system/src/cortexm/_initialize_hardware.o
                              0x54986 (size before relaxing)
 .debug_str     0x0005a76f      0x1a8 ./system/src/cortexm/exception_handlers.o
                              0x586e7 (size before relaxing)
 .debug_str     0x0005a917      0x1cc ./system/src/cmsis/system_stm32f2xx.o
                              0x54add (size before relaxing)
 .debug_str     0x0005aae3       0x57 ./system/src/cmsis/vectors_stm32f2xx.o
                               0x3057 (size before relaxing)
 .debug_str     0x0005ab3a        0xe ./src/main.o
                               0x681b (size before relaxing)

.debug_loc      0x00000000      0x9de
 *(.debug_loc)
 .debug_loc     0x00000000       0x82 ./system/src/newlib/_sbrk.o
 .debug_loc     0x00000082      0x265 ./system/src/newlib/_startup.o
 .debug_loc     0x000002e7       0x63 ./system/src/newlib/_syscalls.o
 .debug_loc     0x0000034a       0xf7 ./system/src/diag/Trace.o
 .debug_loc     0x00000441      0x17c ./system/src/diag/trace_impl.o
 .debug_loc     0x000005bd      0x2a8 ./system/src/cortexm/exception_handlers.o
 .debug_loc     0x00000865      0x137 ./system/src/cmsis/system_stm32f2xx.o
 .debug_loc     0x0000099c       0x42 ./src/main.o

.debug_macinfo
 *(.debug_macinfo)

.debug_weaknames
 *(.debug_weaknames)

.debug_funcnames
 *(.debug_funcnames)

.debug_typenames
 *(.debug_typenames)

.debug_varnames
 *(.debug_varnames)
OUTPUT(dlaTestow.elf elf32-littlearm)

.debug_ranges   0x00000000      0x1e0
 .debug_ranges  0x00000000       0x18 ./system/src/newlib/_exit.o
 .debug_ranges  0x00000018       0x10 ./system/src/newlib/_sbrk.o
 .debug_ranges  0x00000028       0x48 ./system/src/newlib/_startup.o
 .debug_ranges  0x00000070       0x20 ./system/src/newlib/_syscalls.o
 .debug_ranges  0x00000090       0x28 ./system/src/diag/Trace.o
 .debug_ranges  0x000000b8       0x38 ./system/src/diag/trace_impl.o
 .debug_ranges  0x000000f0       0x18 ./system/src/cortexm/_initialize_hardware.o
 .debug_ranges  0x00000108       0x98 ./system/src/cortexm/exception_handlers.o
 .debug_ranges  0x000001a0       0x20 ./system/src/cmsis/system_stm32f2xx.o
 .debug_ranges  0x000001c0       0x10 ./system/src/cmsis/vectors_stm32f2xx.o
 .debug_ranges  0x000001d0       0x10 ./src/main.o

.debug_macro    0x00000000     0x23e0
 .debug_macro   0x00000000      0x131 ./system/src/newlib/_exit.o
 .debug_macro   0x00000131       0x9c ./system/src/newlib/_exit.o
 .debug_macro   0x000001cd      0x10e ./system/src/newlib/_exit.o
 .debug_macro   0x000002db       0x86 ./system/src/newlib/_exit.o
 .debug_macro   0x00000361       0x43 ./system/src/newlib/_exit.o
 .debug_macro   0x000003a4      0x27a ./system/src/newlib/_exit.o
 .debug_macro   0x0000061e       0x35 ./system/src/newlib/_exit.o
 .debug_macro   0x00000653       0xed ./system/src/newlib/_sbrk.o
 .debug_macro   0x00000740      0x16d ./system/src/newlib/_sbrk.o
 .debug_macro   0x000008ad       0x10 ./system/src/newlib/_sbrk.o
 .debug_macro   0x000008bd      0x23b ./system/src/newlib/_sbrk.o
 .debug_macro   0x00000af8       0xf7 ./system/src/newlib/_startup.o
 .debug_macro   0x00000bef      0x1ad ./system/src/newlib/_syscalls.o
 .debug_macro   0x00000d9c       0x1c ./system/src/newlib/_syscalls.o
 .debug_macro   0x00000db8       0x10 ./system/src/newlib/_syscalls.o
 .debug_macro   0x00000dc8       0x10 ./system/src/newlib/_syscalls.o
 .debug_macro   0x00000dd8       0x10 ./system/src/newlib/_syscalls.o
 .debug_macro   0x00000de8       0x10 ./system/src/newlib/_syscalls.o
 .debug_macro   0x00000df8       0x35 ./system/src/newlib/_syscalls.o
 .debug_macro   0x00000e2d      0x122 ./system/src/newlib/_syscalls.o
 .debug_macro   0x00000f4f       0x2e ./system/src/newlib/_syscalls.o
 .debug_macro   0x00000f7d       0x82 ./system/src/newlib/_syscalls.o
 .debug_macro   0x00000fff       0x2b ./system/src/newlib/_syscalls.o
 .debug_macro   0x0000102a      0x118 ./system/src/newlib/_syscalls.o
 .debug_macro   0x00001142      0x159 ./system/src/newlib/_syscalls.o
 .debug_macro   0x0000129b       0x16 ./system/src/newlib/_syscalls.o
 .debug_macro   0x000012b1      0x15e ./system/src/diag/Trace.o
 .debug_macro   0x0000140f       0x16 ./system/src/diag/Trace.o
 .debug_macro   0x00001425       0x97 ./system/src/diag/Trace.o
 .debug_macro   0x000014bc       0xf6 ./system/src/diag/Trace.o
 .debug_macro   0x000015b2       0x10 ./system/src/diag/Trace.o
 .debug_macro   0x000015c2       0x16 ./system/src/diag/Trace.o
 .debug_macro   0x000015d8      0x197 ./system/src/diag/Trace.o
 .debug_macro   0x0000176f       0x52 ./system/src/diag/Trace.o
 .debug_macro   0x000017c1       0x16 ./system/src/diag/Trace.o
 .debug_macro   0x000017d7      0x279 ./system/src/diag/trace_impl.o
 .debug_macro   0x00001a50       0x10 ./system/src/diag/trace_impl.o
 .debug_macro   0x00001a60       0xc8 ./system/src/diag/trace_impl.o
 .debug_macro   0x00001b28       0x19 ./system/src/diag/trace_impl.o
 .debug_macro   0x00001b41       0xbe ./system/src/diag/trace_impl.o
 .debug_macro   0x00001bff       0x22 ./system/src/diag/trace_impl.o
 .debug_macro   0x00001c21      0x186 ./system/src/cortexm/_initialize_hardware.o
 .debug_macro   0x00001da7      0x2af ./system/src/cortexm/exception_handlers.o
 .debug_macro   0x00002056       0x3b ./system/src/cortexm/exception_handlers.o
 .debug_macro   0x00002091       0x10 ./system/src/cortexm/exception_handlers.o
 .debug_macro   0x000020a1      0x19f ./system/src/cmsis/system_stm32f2xx.o
 .debug_macro   0x00002240       0x34 ./system/src/cmsis/vectors_stm32f2xx.o
 .debug_macro   0x00002274      0x16c ./src/main.o
